-bash: ./build/bin/unittests: No such file or directory
